<html>
<body>
<pre>
<h1>礦ision Build Log</h1>
<h2>Tool Versions:</h2>
IDE-Version: μVision V5.28.0.0
Copyright (C) 2019 ARM Ltd and ARM Germany GmbH. All rights reserved.
License Information: 0 PC, 0, LIC=32B1Q-N3WH6-9UA4U-SSF4E-61JVA-PFPD4
 
Tool Versions:
Toolchain:       MDK-ARM Plus  Version: 5.28.0.0
Toolchain Path:  F:\KEIL\ARM\ARMCC\Bin
C Compiler:      Armcc.exe V5.06 update 6 (build 750)
Assembler:       Armasm.exe V5.06 update 6 (build 750)
Linker/Locator:  ArmLink.exe V5.06 update 6 (build 750)
Library Manager: ArmAr.exe V5.06 update 6 (build 750)
Hex Converter:   FromElf.exe V5.06 update 6 (build 750)
CPU DLL:         SARMCM3.DLL V5.28.0.0
Dialog DLL:      DCM.DLL V1.17.3.0
Target DLL:      Segger\JL2CM3.dll V2.99.36.0
Dialog DLL:      TCM.DLL V1.36.2.0
 
<h2>Project:</h2>
C:\Users\PC\Desktop\项目文件夹\LVGL\Liaoyangyi-main\TOUCH_CUBEMX\MDK-ARM\TOUCH_CUBEMX.uvprojx
Project File Date:  10/18/2022

<h2>Output:</h2>
*** Using Compiler 'V5.06 update 6 (build 750)', folder: 'F:\KEIL\ARM\ARMCC\Bin'
Build target 'TOUCH_CUBEMX'
compiling ws2812.c...
..\HARDWARE\WS2812\ws2812.c(54): warning:  #940-D: missing return statement at end of non-void function "ws2812_pixel_data_fill" 
  }
..\HARDWARE\WS2812\ws2812.c: 1 warning, 0 errors
linking...
Program Size: Code=162930 RO-data=76906 RW-data=884 ZI-data=40460  
FromELF: creating hex file...
"TOUCH_CUBEMX\TOUCH_CUBEMX.axf" - 0 Error(s), 1 Warning(s).

<h2>Software Packages used:</h2>

Package Vendor: ARM
                http://www.keil.com/pack/ARM.CMSIS.5.5.1.pack
                ARM.CMSIS.5.5.1
                CMSIS (Cortex Microcontroller Software Interface Standard)
   * Component: CORE Version: 5.2.0

Package Vendor: Keil
                http://www.keil.com/pack/Keil.STM32F1xx_DFP.2.2.0.pack
                Keil.STM32F1xx_DFP.2.2.0
                STMicroelectronics STM32F1 Series Device Support, Drivers and Examples

<h2>Collection of Component include folders:</h2>
  .\RTE\_TOUCH_CUBEMX
  F:\KEIL\ARM\CMSIS\5.5.1\CMSIS\Core\Include
  F:\KEIL\Keil\STM32F1xx_DFP\2.2.0\Device\Include

<h2>Collection of Component Files used:</h2>

   * Component: ARM::CMSIS:CORE:5.2.0
Build Time Elapsed:  00:00:04
</pre>
</body>
</html>
