<html>
<body>
<pre>
<h1>µVision Build Log</h1>
<h2>Tool Versions:</h2>
IDE-Version: ¦ÌVision V5.28.0.0
Copyright (C) 2019 ARM Ltd and ARM Germany GmbH. All rights reserved.
License Information: ludens 0, ludens0, LIC=D0D7S-L9I2I-UHW8H-WHTRT-ZKPD1-KLBPL
 
Tool Versions:
Toolchain:       MDK-ARM Plus  Version: 5.28.0.0
Toolchain Path:  D:\MDK\ARM\ARMCC\Bin
C Compiler:      Armcc.exe V5.06 update 6 (build 750)
Assembler:       Armasm.exe V5.06 update 6 (build 750)
Linker/Locator:  ArmLink.exe V5.06 update 6 (build 750)
Library Manager: ArmAr.exe V5.06 update 6 (build 750)
Hex Converter:   FromElf.exe V5.06 update 6 (build 750)
CPU DLL:         SARMCM3.DLL V5.28.0.0
Dialog DLL:      DCM.DLL V1.17.3.0
Target DLL:      Segger\JL2CM3.dll V2.99.36.0
Dialog DLL:      TCM.DLL V1.36.2.0
 
<h2>Project:</h2>
C:\Users\29466\Desktop\LVGL\TOUCH_CUBEMX\MDK-ARM\TOUCH_CUBEMX.uvprojx
Project File Date:  08/14/2022

<h2>Output:</h2>
*** Using Compiler 'V5.06 update 6 (build 750)', folder: 'D:\MDK\ARM\ARMCC\Bin'
Build target 'TOUCH_CUBEMX'
compiling lv_obj_class.c...
compiling lv_event.c...
compiling lv_group.c...
compiling lv_indev_scroll.c...
compiling lv_disp.c...
compiling lv_obj.c...
compiling lv_indev.c...
compiling lv_obj_draw.c...
compiling lv_obj_pos.c...
compiling lv_obj_scroll.c...
compiling lv_obj_style_gen.c...
compiling lv_obj_tree.c...
compiling lv_obj_style.c...
compiling lv_theme.c...
compiling lv_refr.c...
compiling lv_draw_arc.c...
compiling lv_draw_img.c...
compiling lv_draw_blend.c...
compiling lv_draw_label.c...
compiling lv_draw_triangle.c...
compiling lv_draw_line.c...
compiling lv_draw_mask.c...
compiling lv_img_cache.c...
compiling lv_img_buf.c...
compiling lv_draw_rect.c...
compiling lv_img_decoder.c...
compiling lv_extra.c...
compiling lv_flex.c...
..\LVGL\src\extra\layouts\flex\lv_flex.c(94): warning:  #188-D: enumerated type mixed with another type
      LV_STYLE_FLEX_MAIN_PLACE = lv_style_register_prop() | LV_STYLE_PROP_LAYOUT_REFR;
..\LVGL\src\extra\layouts\flex\lv_flex.c(95): warning:  #188-D: enumerated type mixed with another type
      LV_STYLE_FLEX_CROSS_PLACE = lv_style_register_prop() | LV_STYLE_PROP_LAYOUT_REFR;
..\LVGL\src\extra\layouts\flex\lv_flex.c(96): warning:  #188-D: enumerated type mixed with another type
      LV_STYLE_FLEX_TRACK_PLACE = lv_style_register_prop() | LV_STYLE_PROP_LAYOUT_REFR;
..\LVGL\src\extra\layouts\flex\lv_flex.c: 3 warnings, 0 errors
compiling lv_grid.c...
..\LVGL\src\extra\layouts\grid\lv_grid.c(103): warning:  #188-D: enumerated type mixed with another type
      LV_STYLE_GRID_COLUMN_DSC_ARRAY = lv_style_register_prop() | LV_STYLE_PROP_LAYOUT_REFR;
..\LVGL\src\extra\layouts\grid\lv_grid.c(104): warning:  #188-D: enumerated type mixed with another type
      LV_STYLE_GRID_ROW_DSC_ARRAY = lv_style_register_prop() | LV_STYLE_PROP_LAYOUT_REFR;
..\LVGL\src\extra\layouts\grid\lv_grid.c(105): warning:  #188-D: enumerated type mixed with another type
      LV_STYLE_GRID_COLUMN_ALIGN = lv_style_register_prop() | LV_STYLE_PROP_LAYOUT_REFR;
..\LVGL\src\extra\layouts\grid\lv_grid.c(106): warning:  #188-D: enumerated type mixed with another type
      LV_STYLE_GRID_ROW_ALIGN = lv_style_register_prop() | LV_STYLE_PROP_LAYOUT_REFR;
..\LVGL\src\extra\layouts\grid\lv_grid.c(108): warning:  #188-D: enumerated type mixed with another type
      LV_STYLE_GRID_CELL_ROW_SPAN = lv_style_register_prop() | LV_STYLE_PROP_LAYOUT_REFR;
..\LVGL\src\extra\layouts\grid\lv_grid.c(109): warning:  #188-D: enumerated type mixed with another type
      LV_STYLE_GRID_CELL_ROW_POS = lv_style_register_prop() | LV_STYLE_PROP_LAYOUT_REFR;
..\LVGL\src\extra\layouts\grid\lv_grid.c(110): warning:  #188-D: enumerated type mixed with another type
      LV_STYLE_GRID_CELL_COLUMN_SPAN = lv_style_register_prop() | LV_STYLE_PROP_LAYOUT_REFR;
..\LVGL\src\extra\layouts\grid\lv_grid.c(111): warning:  #188-D: enumerated type mixed with another type
      LV_STYLE_GRID_CELL_COLUMN_POS = lv_style_register_prop() | LV_STYLE_PROP_LAYOUT_REFR;
..\LVGL\src\extra\layouts\grid\lv_grid.c(112): warning:  #188-D: enumerated type mixed with another type
      LV_STYLE_GRID_CELL_X_ALIGN = lv_style_register_prop() | LV_STYLE_PROP_LAYOUT_REFR;
..\LVGL\src\extra\layouts\grid\lv_grid.c(113): warning:  #188-D: enumerated type mixed with another type
      LV_STYLE_GRID_CELL_Y_ALIGN = lv_style_register_prop() | LV_STYLE_PROP_LAYOUT_REFR;
..\LVGL\src\extra\layouts\grid\lv_grid.c(554): warning:  #188-D: enumerated type mixed with another type
      lv_grid_align_t col_align = get_cell_col_align(item);
..\LVGL\src\extra\layouts\grid\lv_grid.c(555): warning:  #188-D: enumerated type mixed with another type
      lv_grid_align_t row_align = get_cell_row_align(item);
..\LVGL\src\extra\layouts\grid\lv_grid.c: 12 warnings, 0 errors
compiling lv_theme_basic.c...
compiling lv_theme_mono.c...
compiling lv_animimg.c...
compiling lv_theme_default.c...
..\LVGL\src\extra\themes\default\lv_theme_default.c(207): warning:  #188-D: enumerated type mixed with another type
..\LVGL\src\extra\themes\default\lv_theme_default.c: 1 warning, 0 errors
compiling main.c...
compiling lv_calendar_header_arrow.c...
compiling lv_calendar.c...
compiling lv_imgbtn.c...
compiling lv_colorwheel.c...
compiling lv_calendar_header_dropdown.c...
compiling lv_chart.c...
compiling lv_led.c...
compiling lv_keyboard.c...
compiling lv_list.c...
compiling lv_msgbox.c...
compiling lv_meter.c...
compiling lv_tileview.c...
compiling lv_spinner.c...
compiling lv_spinbox.c...
compiling lv_tabview.c...
compiling lv_font.c...
compiling lv_span.c...
..\LVGL\src\extra\widgets\span\lv_span.c(60): warning:  #1295-D: Deprecated declaration lv_get_snippet_cnt - give arg types
  static uint16_t lv_get_snippet_cnt();
..\LVGL\src\extra\widgets\span\lv_span.c(829): warning:  #546-D: transfer of control bypasses initialization of:
            variable "ellipsis_valid"  (declared at line 833)
            variable "align"  (declared at line 851)
              goto Next_line_init;
              ^
..\LVGL\src\extra\widgets\span\lv_span.c: 2 warnings, 0 errors
compiling lv_win.c...
compiling lv_font_fmt_txt.c...
..\LVGL\src\font\lv_font_fmt_txt.c(137): warning:  #111-D: statement is unreachable
      return NULL;
..\LVGL\src\font\lv_font_fmt_txt.c: 1 warning, 0 errors
compiling lv_font_dejavu_16_persian_hebrew.c...
compiling lv_font_loader.c...
compiling lv_font_montserrat_8.c...
compiling lv_font_montserrat_12.c...
compiling lv_font_montserrat_10.c...
compiling lv_font_montserrat_12_subpx.c...
compiling lv_font_montserrat_20.c...
compiling lv_font_montserrat_14.c...
compiling lv_font_montserrat_18.c...
compiling lv_font_montserrat_16.c...
compiling lv_font_montserrat_22.c...
compiling lv_font_montserrat_24.c...
compiling lv_font_montserrat_28.c...
compiling lv_font_montserrat_26.c...
compiling lv_font_montserrat_28_compressed.c...
compiling lv_font_montserrat_30.c...
compiling lv_font_montserrat_36.c...
compiling lv_font_montserrat_34.c...
compiling lv_font_montserrat_32.c...
compiling lv_font_montserrat_38.c...
compiling lv_font_montserrat_40.c...
compiling lv_font_montserrat_42.c...
compiling lv_font_montserrat_44.c...
compiling lv_gpu_nxp_pxp.c...
compiling lv_gpu_nxp_pxp_osa.c...
compiling lv_font_unscii_8.c...
compiling lv_font_unscii_16.c...
compiling lv_font_montserrat_46.c...
compiling lv_gpu_nxp_vglite.c...
compiling lv_font_simsun_16_cjk.c...
compiling lv_font_montserrat_48.c...
compiling lv_hal_tick.c...
compiling lv_async.c...
compiling lv_anim.c...
compiling lv_bidi.c...
compiling lv_hal_indev.c...
compiling lv_gpu_stm32_dma2d.c...
compiling lv_hal_disp.c...
..\LVGL\src\hal\lv_hal_disp.c(403): warning:  #188-D: enumerated type mixed with another type
      return disp->driver->rotated;
..\LVGL\src\hal\lv_hal_disp.c: 1 warning, 0 errors
compiling lv_area.c...
compiling lv_gc.c...
compiling lv_ll.c...
compiling lv_log.c...
compiling lv_color.c...
compiling lv_math.c...
compiling lv_fs.c...
compiling lv_mem.c...
..\LVGL\src\misc\lv_mem.c(302): warning:  #111-D: statement is unreachable
      return NULL;
..\LVGL\src\misc\lv_mem.c: 1 warning, 0 errors
compiling lv_style.c...
..\LVGL\src\misc\lv_style.c(75): warning:  #188-D: enumerated type mixed with another type
      return act_id;
..\LVGL\src\misc\lv_style.c: 1 warning, 0 errors
compiling lv_printf.c...
compiling lv_style_gen.c...
compiling lv_txt.c...
compiling lv_txt_ap.c...
compiling lv_timer.c...
compiling lv_utils.c...
compiling lv_tlsf.c...
..\LVGL\src\misc\lv_tlsf.c(930): warning:  #68-D: integer conversion resulted in a change of sign
  		offset_to_block(pool, -(int)block_header_overhead);
..\LVGL\src\misc\lv_tlsf.c(1036): warning:  #68-D: integer conversion resulted in a change of sign
  	block = offset_to_block(mem, -(tlsfptr_t)block_header_overhead);
..\LVGL\src\misc\lv_tlsf.c(1054): warning:  #68-D: integer conversion resulted in a change of sign
  	block_header_t* block = offset_to_block(pool, -(int)block_header_overhead);
..\LVGL\src\misc\lv_tlsf.c: 3 warnings, 0 errors
compiling lv_btn.c...
compiling lv_bar.c...
..\LVGL\src\widgets\lv_bar.c(133): warning:  #188-D: enumerated type mixed with another type
          lv_bar_set_value(obj, bar->cur_value, false);
..\LVGL\src\widgets\lv_bar.c(137): warning:  #188-D: enumerated type mixed with another type
          lv_bar_set_value(obj, bar->cur_value, false);
..\LVGL\src\widgets\lv_bar.c: 2 warnings, 0 errors
compiling lv_arc.c...
compiling lv_checkbox.c...
compiling lv_img.c...
compiling lv_canvas.c...
compiling lv_btnmatrix.c...
compiling lv_line.c...
compiling lv_dropdown.c...
compiling lv_roller.c...
..\LVGL\src\widgets\lv_roller.c(335): warning:  #188-D: enumerated type mixed with another type
          refr_position(obj, false);
..\LVGL\src\widgets\lv_roller.c(338): warning:  #188-D: enumerated type mixed with another type
          refr_position(obj, false);
..\LVGL\src\widgets\lv_roller.c(368): warning:  #188-D: enumerated type mixed with another type
                      refr_position(obj, true);
..\LVGL\src\widgets\lv_roller.c(385): warning:  #188-D: enumerated type mixed with another type
              refr_position(obj, true);
..\LVGL\src\widgets\lv_roller.c(393): warning:  #188-D: enumerated type mixed with another type
                  lv_roller_set_selected(obj, roller->sel_opt_id + 1, true);
..\LVGL\src\widgets\lv_roller.c(401): warning:  #188-D: enumerated type mixed with another type
                  lv_roller_set_selected(obj, roller->sel_opt_id - 1, true);
..\LVGL\src\widgets\lv_roller.c: 6 warnings, 0 errors
compiling lv_label.c...
compiling lv_slider.c...
compiling lv_switch.c...
compiling lv_table.c...
compiling lv_textarea.c...
compiling lv_demo_keypad_encoder.c...
compiling lv_example_event_1.c...
compiling lv_port_indev.c...
..\LVGL\porting\lv_port_indev.c(218): warning:  #177-D: function "touchpad_is_pressed"  was declared but never referenced
  static bool touchpad_is_pressed(void)
..\LVGL\porting\lv_port_indev.c(226): warning:  #177-D: function "touchpad_get_xy"  was declared but never referenced
  static void touchpad_get_xy(lv_coord_t * x, lv_coord_t * y)
..\LVGL\porting\lv_port_indev.c(239): warning:  #177-D: function "mouse_init"  was declared but never referenced
  static void mouse_init(void)
..\LVGL\porting\lv_port_indev.c(245): warning:  #177-D: function "mouse_read"  was declared but never referenced
  static void mouse_read(lv_indev_drv_t * indev_drv, lv_indev_data_t * data)
..\LVGL\porting\lv_port_indev.c(280): warning:  #177-D: function "keypad_init"  was declared but never referenced
  static void keypad_init(void)
..\LVGL\porting\lv_port_indev.c(286): warning:  #177-D: function "keypad_read"  was declared but never referenced
  static void keypad_read(lv_indev_drv_t * indev_drv, lv_indev_data_t * data)
..\LVGL\porting\lv_port_indev.c(338): warning:  #177-D: function "encoder_init"  was declared but never referenced
  static void encoder_init(void)
..\LVGL\porting\lv_port_indev.c(344): warning:  #177-D: function "encoder_read"  was declared but never referenced
  static void encoder_read(lv_indev_drv_t * indev_drv, lv_indev_data_t * data)
..\LVGL\porting\lv_port_indev.c(352): warning:  #177-D: function "encoder_handler"  was declared but never referenced
  static void encoder_handler(void)
..\LVGL\porting\lv_port_indev.c(365): warning:  #177-D: function "button_init"  was declared but never referenced
  static void button_init(void)
..\LVGL\porting\lv_port_indev.c(371): warning:  #177-D: function "button_read"  was declared but never referenced
  static void button_read(lv_indev_drv_t * indev_drv, lv_indev_data_t * data)
..\LVGL\porting\lv_port_indev.c: 11 warnings, 0 errors
compiling lv_port_disp.c...
linking...
Program Size: Code=152338 RO-data=36330 RW-data=576 ZI-data=41816  
FromELF: creating hex file...
"TOUCH_CUBEMX\TOUCH_CUBEMX.axf" - 0 Error(s), 44 Warning(s).

<h2>Software Packages used:</h2>

Package Vendor: ARM
                http://www.keil.com/pack/ARM.CMSIS.5.9.0.pack
                ARM.CMSIS.5.9.0
                CMSIS (Common Microcontroller Software Interface Standard)
   * Component: CORE Version: 5.6.0

Package Vendor: Keil
                http://www.keil.com/pack/Keil.STM32F1xx_DFP.2.2.0.pack
                Keil.STM32F1xx_DFP.2.2.0
                STMicroelectronics STM32F1 Series Device Support, Drivers and Examples

<h2>Collection of Component include folders:</h2>
  .\RTE\_TOUCH_CUBEMX
  D:\MDK\ARM\CMSIS\5.9.0\CMSIS\Core\Include
  D:\MDK\Keil\STM32F1xx_DFP\2.2.0\Device\Include

<h2>Collection of Component Files used:</h2>

   * Component: ARM::CMSIS:CORE:5.6.0
      Include file:  CMSIS\Core\Include\tz_context.h
Build Time Elapsed:  00:00:27
</pre>
</body>
</html>
